---
source: apps/cli/src/tui/app/scenario_tests/chat.rs
expression: harness.screen()
---

  Aemeath - AI Agent


  Type /help for available commands


○ Read Cargo.toml

















┌ Input ───────────────────────────────────────────────────────────────────────────────────────────┐
│ 输 入 消 息 ...                                                                                      │
└──────────────────────────────────────────────────────────────────────────────────────────────────┘
 Ready │ scenario-model │ in 0 │ out 0
 │ main │ AskMe │ session scenario-session
